Microsoft Windows [Version 10.0.19041.572]
(c) 2020 Microsoft Corporation. All rights reserved.

C:\Users\lgranados>cd C:\Isthmus\nodeReactTraining
C:\Isthmus\nodeReactTraining>mkdir tarea2
C:\Isthmus\nodeReactTraining>cd tarea2
C:\Isthmus\nodeReactTraining\tarea2>

PS C:\Isthmus\nodeReactTraining\tarea2> npm init
This utility will walk you through creating a package.json file.
It only covers the most common items, and tries to guess sensible defaults.

See `npm help init` for definitive documentation on these fields
and exactly what they do.

Use `npm install <pkg>` afterwards to install a package and
save it as a dependency in the package.json file.

Press ^C at any time to quit.
package name: (tarea2)
version: (1.0.0)
description: Estructura de archivos y endpoint para sumar numeros
entry point: (index.js)
test command:
git repository:
keywords:
author: Luis Granados
license: (ISC)
About to write to C:\Isthmus\nodeReactTraining\tarea2\package.json:

{
  "name": "tarea2",
  "version": "1.0.0",
  "description": "Estructura de archivos y endpoint para sumar numeros",
  "main": "index.js",
  "scripts": {
    "test": "echo \"Error: no test specified\" && exit 1"
  },
  "author": "Luis Granados",
  "license": "ISC"
}


Is this OK? (yes)
PS C:\Isthmus\nodeReactTraining\tarea2> 
PS C:\Isthmus\nodeReactTraining\tarea2> npm i express
PS C:\Isthmus\nodeReactTraining\tarea2> node app.js  
Results:
PS C:\Isthmus\nodeReactTraining\tarea2> node app.js  
Operations app listening at http://localhost:3000
express deprecated req.param(name): Use req.params, req.body, or req.query instead routes\sum_routes.js:5:20
express deprecated req.param(name): Use req.params, req.body, or req.query instead routes\sum_routes.js:6:20
El resultado de sumar 1 + 8  = 9
express deprecated req.param(name): Use req.params, req.body, or req.query instead routes\substract_routes.js:5:20
express deprecated req.param(name): Use req.params, req.body, or req.query instead routes\substract_routes.js:6:20
El resultado de restar 11 - 8  = 3
express deprecated req.param(name): Use req.params, req.body, or req.query instead routes\multiply_routes.js:5:20
express deprecated req.param(name): Use req.params, req.body, or req.query instead routes\multiply_routes.js:6:20
El resultado de multiplicar 5 * 9  = 45
express deprecated req.param(name): Use req.params, req.body, or req.query instead routes\divide_routes.js:5:20
express deprecated req.param(name): Use req.params, req.body, or req.query instead routes\divide_routes.js:6:20
El resultado de dividir 50 / 10  = 5

Postman:
http://localhost:3000/sumar/1/8
http://localhost:3000/restar/11/8
http://localhost:3000/multiplicar/5/9
http://localhost:3000/dividir/50/10


